C51 COMPILER V9.01   KEY                                                                   04/20/2019 14:48:07 PAGE 1   


C51 COMPILER V9.01, COMPILATION OF MODULE KEY
OBJECT MODULE PLACED IN key.OBJ
COMPILER INVOKED BY: F:\App\keil\C51\BIN\C51.EXE key.c LARGE BROWSE DEBUG OBJECTEXTEND

line level    source

   1          
   2          #include"key.h"
   3          #include"main.h"
   4          #include"delay.h"
   5          
   6          ///////////////     °´¼ü¼ì²âº¯Êý      ///////////////////
   7          u8 keySelect(void){
   8   1              if(!KSelect){
   9   2                      delayMs(KEY_DELAY_MS);
  10   2                      if(!KSelect)
  11   2                              while(!KSelect);
  12   2                              return 1;
  13   2              }
  14   1              return 0;
  15   1      }
  16          u8 keyStart(void){
  17   1              if(!KStart){
  18   2                      delayMs(KEY_DELAY_MS);
  19   2                      if(!KStart){
  20   3                              while(!KStart);
  21   3                              return 1;
  22   3                      }
  23   2              }
  24   1              return 0;
  25   1      }
  26          u8 keyUP(void){
  27   1              if(!KU){
  28   2                      delayMs(KEY_DELAY_MS);
  29   2                      if(!KU)
  30   2                              return 1;
  31   2              }
  32   1              return 0;
  33   1      }
  34          u8 keyDOWN(void){
  35   1              if(!KD){
  36   2                      delayMs(KEY_DELAY_MS);
  37   2                      if(!KD)
  38   2                              return 1;
  39   2              }
  40   1              return 0;
  41   1      }
  42          u8 keyLEFT(void){
  43   1              if(!KL){
  44   2                      delayMs(KEY_DELAY_MS);
  45   2                      if(!KL)
  46   2                              return 1;
  47   2              }
  48   1              return 0;
  49   1      }
  50          u8 keyRIGHT(void){
  51   1              if(!KR){
  52   2                      delayMs(KEY_DELAY_MS);
  53   2                      if(!KR)return 1;
  54   2              }
  55   1              return 0;
C51 COMPILER V9.01   KEY                                                                   04/20/2019 14:48:07 PAGE 2   

  56   1      }
  57          u8 keyY(void){
  58   1              if(!KY){
  59   2                      delayMs(KEY_DELAY_MS);
  60   2                      if(!KY)
  61   2                              return 1;
  62   2              }
  63   1              return 0;
  64   1      }
  65          u8 keyX(void){
  66   1              if(!KX){
  67   2                      delayMs(KEY_DELAY_MS);
  68   2                      if(!KX)
  69   2                              return 1;
  70   2              }
  71   1              return 0;
  72   1      }
  73          u8 keyA(void){
  74   1              if(!KA){
  75   2                      delayMs(KEY_DELAY_MS);
  76   2                      if(!KA)
  77   2                              return 1;
  78   2              }
  79   1              return 0;
  80   1      }
  81          u8 keyB(void){
  82   1              if(!KB){
  83   2                      delayMs(KEY_DELAY_MS);
  84   2                      if(!KB)
  85   2                              return 1;
  86   2              }
  87   1              return 0;
  88   1      } 


MODULE INFORMATION:   STATIC OVERLAYABLE
   CODE SIZE        =    196    ----
   CONSTANT SIZE    =   ----    ----
   XDATA SIZE       =   ----    ----
   PDATA SIZE       =   ----    ----
   DATA SIZE        =   ----    ----
   IDATA SIZE       =   ----    ----
   BIT SIZE         =   ----    ----
END OF MODULE INFORMATION.


C51 COMPILATION COMPLETE.  0 WARNING(S),  0 ERROR(S)
